SLF4J: Class path contains multiple SLF4J bindings.
SLF4J: Found binding in [jar:file:/opt/homebrew/Cellar/hive/4.2.1/libexec/lib/log4j-slf4j-impl-2.24.3.jar!/org/slf4j/impl/StaticLoggerBinder.class]
SLF4J: Found binding in [jar:file:/opt/homebrew/Cellar/hadoop/3.5.0/libexec/share/hadoop/common/lib/slf4j-reload4j-1.7.36.jar!/org/slf4j/impl/StaticLoggerBinder.class]
SLF4J: See http://www.slf4j.org/codes.html#multiple_bindings for an explanation.
SLF4J: Actual binding is of type [org.apache.logging.slf4j.Log4jLoggerFactory]
SLF4J: Class path contains multiple SLF4J bindings.
SLF4J: Found binding in [jar:file:/opt/homebrew/Cellar/hive/4.2.1/libexec/lib/log4j-slf4j-impl-2.24.3.jar!/org/slf4j/impl/StaticLoggerBinder.class]
SLF4J: Found binding in [jar:file:/opt/homebrew/Cellar/hadoop/3.5.0/libexec/share/hadoop/common/lib/slf4j-reload4j-1.7.36.jar!/org/slf4j/impl/StaticLoggerBinder.class]
SLF4J: See http://www.slf4j.org/codes.html#multiple_bindings for an explanation.
SLF4J: Actual binding is of type [org.apache.logging.slf4j.Log4jLoggerFactory]
Connecting to jdbc:hive2://
Hive Session ID = b2fd8b34-a17e-458b-8735-ed0c84e6eca5
Connected to: Apache Hive (version 4.2.1)
Driver: Hive JDBC (version 4.2.1)
Transaction isolation: TRANSACTION_REPEATABLE_READ
+-----------+
|  status   |
+-----------+
| smoke-ok  |
+-----------+
1 row selected (1.544 seconds)
Beeline version 4.2.1 by Apache Hive
Closing: 0: jdbc:hive2://
