2026-09-16 16:59:32,343 WARN util.NativeCodeLoader: Unable to load native-hadoop library for your platform... using builtin-java classes where applicable
packageJobJar: [/var/folders/7d/m5lkdhdj2pv8xf1hwvx3xvj80000gn/T/hadoop-unjar12529145937289893351/] [] /var/folders/7d/m5lkdhdj2pv8xf1hwvx3xvj80000gn/T/streamjob15149355914971516127.jar tmpDir=null
2026-09-16 16:59:32,520 INFO client.DefaultNoHARMFailoverProxyProvider: Connecting to ResourceManager at localhost/127.0.0.1:8032
2026-09-16 16:59:32,554 INFO client.DefaultNoHARMFailoverProxyProvider: Connecting to ResourceManager at localhost/127.0.0.1:8032
2026-09-16 16:59:32,628 INFO mapreduce.JobResourceUploader: Disabling Erasure Coding for path: /tmp/hadoop-yarn/staging/abhishek/.staging/job_1789552955443_0011
2026-09-16 16:59:32,799 INFO mapred.FileInputFormat: Total input files to process : 1
2026-09-16 16:59:32,845 INFO mapreduce.JobSubmitter: number of splits:2
2026-09-16 16:59:32,898 INFO mapreduce.JobSubmitter: Submitting tokens for job: job_1789552955443_0011
2026-09-16 16:59:32,898 INFO mapreduce.JobSubmitter: Executing with tokens: []
2026-09-16 16:59:32,938 INFO conf.Configuration: resource-types.xml not found
2026-09-16 16:59:32,939 INFO resource.ResourceUtils: Unable to find 'resource-types.xml'.
2026-09-16 16:59:32,952 INFO impl.YarnClientImpl: Submitted application application_1789552955443_0011
2026-09-16 16:59:32,961 INFO mapreduce.Job: The url to track the job: http://localhost:8088/proxy/application_1789552955443_0011/
2026-09-16 16:59:32,961 INFO mapreduce.Job: Running job: job_1789552955443_0011
2026-09-16 16:59:40,047 INFO mapreduce.Job: Job job_1789552955443_0011 running in uber mode : false
2026-09-16 16:59:40,048 INFO mapreduce.Job:  map 0% reduce 0%
2026-09-16 16:59:47,109 INFO mapreduce.Job:  map 100% reduce 0%
2026-09-16 16:59:52,147 INFO mapreduce.Job:  map 100% reduce 100%
2026-09-16 16:59:52,158 INFO mapreduce.Job: Job job_1789552955443_0011 completed successfully
2026-09-16 16:59:52,206 INFO mapreduce.Job: Counters: 50
	File System Counters
		FILE: Number of bytes read=333
		FILE: Number of bytes written=1307128
		FILE: Number of read operations=0
		FILE: Number of large read operations=0
		FILE: Number of write operations=0
		HDFS: Number of bytes read=5781484
		HDFS: Number of bytes written=154
		HDFS: Number of read operations=16
		HDFS: Number of large read operations=0
		HDFS: Number of write operations=4
		HDFS: Number of bytes read erasure-coded=0
	Job Counters 
		Launched map tasks=2
		Launched reduce tasks=2
		Data-local map tasks=2
		Total time spent by all maps in occupied slots (ms)=20242
		Total time spent by all reduces in occupied slots (ms)=8938
		Total time spent by all map tasks (ms)=10121
		Total time spent by all reduce tasks (ms)=4469
		Total vcore-milliseconds taken by all map tasks=10121
		Total vcore-milliseconds taken by all reduce tasks=4469
		Total megabyte-milliseconds taken by all map tasks=10363904
		Total megabyte-milliseconds taken by all reduce tasks=4576256
	Map-Reduce Framework
		Map input records=103887
		Map output records=103886
		Map output bytes=1991446
		Map output materialized bytes=345
		Input split bytes=250
		Combine input records=103886
		Combine output records=10
		Reduce input groups=5
		Reduce shuffle bytes=345
		Reduce input records=10
		Reduce output records=5
		Spilled Records=20
		Shuffled Maps =4
		Failed Shuffles=0
		Merged Map outputs=4
		GC time elapsed (ms)=22
		CPU time spent (ms)=0
		Physical memory (bytes) snapshot=0
		Virtual memory (bytes) snapshot=0
		Total committed heap usage (bytes)=786432000
	Shuffle Errors
		BAD_ID=0
		CONNECTION=0
		IO_ERROR=0
		WRONG_LENGTH=0
		WRONG_MAP=0
		WRONG_REDUCE=0
	File Input Format Counters 
		Bytes Read=5781234
	File Output Format Counters 
		Bytes Written=154
2026-09-16 16:59:52,206 INFO streaming.StreamJob: Output directory: /olist/out/payment_distribution
